// Jest Snapshot v1, https://goo.gl/fbAQLP

exports[`Badge should render Badge stories 1`] = `
<DocumentFragment>
  .c1 {
  border-top-left-radius: 4px;
  border-bottom-right-radius: 4px;
  background-color: #000;
  color: #fff;
  display: -webkit-inline-box;
  display: -webkit-inline-flex;
  display: -ms-inline-flexbox;
  display: inline-flex;
  padding: 2px 6px;
  font-size: 12px;
}

.c2 {
  border-radius: 4px;
  background-color: #000;
  color: #fff;
  display: -webkit-inline-box;
  display: -webkit-inline-flex;
  display: -ms-inline-flexbox;
  display: inline-flex;
  padding: 2px 6px;
  font-size: 12px;
}

.c0 {
  padding-bottom: 16px;
}

<div
    class="css-lii6sj"
  >
    <ul>
      <li
        class="c0"
      >
        <div
          class="c1"
          color="#fff"
        >
          Dimmed Badge
        </div>
        <div
          class="css-nychs"
        >
          Rectangle Dimmed
        </div>
      </li>
      <li
        class="c0"
      >
        <div
          class="c2"
          color="#fff"
        >
          Solid Badge
        </div>
        <div
          class="css-nychs"
        >
          Rectangle Solid
        </div>
      </li>
    </ul>
  </div>
</DocumentFragment>
`;
